// Jest Snapshot v1, https://goo.gl/fbAQLP

exports[`renders correctly with real SQLite DB 1`] = `
<RCTSafeAreaView
  style={
    [
      {
        "backgroundColor": "#F3F3F3",
      },
      {
        "backgroundColor": "rgb(31,33,35)",
        "flex": 1,
      },
    ]
  }
>
  <View
    onLayout={[Function]}
    style={
      [
        {
          "backgroundColor": "black",
          "flex": 1,
          "padding": 16,
        },
        {
          "paddingBottom": 0,
        },
      ]
    }
  >
    <RCTScrollView
      contentContainerStyle={
        {
          "alignItems": "center",
          "flexGrow": 1,
          "justifyContent": "center",
          "paddingVertical": 20,
        }
      }
    >
      <View>
        <View
          style={
            {
              "alignItems": "stretch",
              "justifyContent": "center",
              "marginBottom": 20,
              "width": "100%",
            }
          }
        >
          <Image
            source={
              {
                "testUri": "../../../assets/StopwatchLogo.png",
              }
            }
            style={
              {
                "borderRadius": 40,
                "height": 50,
                "width": 50,
              }
            }
          />
          <Text
            style={
              {
                "color": "white",
                "fontSize": 24,
                "fontWeight": "bold",
                "marginTop": 10,
              }
            }
          >
            New Hiker
          </Text>
        </View>
        <View
          style={
            {
              "alignItems": "stretch",
              "paddingHorizontal": 20,
              "width": "100%",
            }
          }
        >
          <View>
            <RCTSafeAreaView
              style={
                [
                  {
                    "backgroundColor": "black",
                    "flex": 1,
                  },
                  {
                    "justifyContent": "center",
                  },
                ]
              }
            >
              <Text
                style={
                  {
                    "color": "white",
                    "fontSize": 18,
                    "margin": 12,
                    "padding": 8,
                    "textAlign": "center",
                  }
                }
              >
                You neeed internet connection to register
              </Text>
              <View
                accessibilityState={
                  {
                    "busy": undefined,
                    "checked": undefined,
                    "disabled": undefined,
                    "expanded": undefined,
                    "selected": undefined,
                  }
                }
                accessibilityValue={
                  {
                    "max": undefined,
                    "min": undefined,
                    "now": undefined,
                    "text": undefined,
                  }
                }
                accessible={true}
                collapsable={false}
                focusable={true}
                onBlur={[Function]}
                onClick={[Function]}
                onFocus={[Function]}
                onResponderGrant={[Function]}
                onResponderMove={[Function]}
                onResponderRelease={[Function]}
                onResponderTerminate={[Function]}
                onResponderTerminationRequest={[Function]}
                onStartShouldSetResponder={[Function]}
                style={
                  [
                    {
                      "alignItems": "center",
                      "borderRadius": 10,
                      "justifyContent": "center",
                      "marginVertical": 8,
                      "padding": 15,
                      "width": "100%",
                    },
                    {
                      "backgroundColor": "rgba(30, 139, 195, .7)",
                      "marginVertical": 12,
                    },
                  ]
                }
              >
                <Text
                  style={
                    {
                      "color": "black",
                      "fontSize": 20,
                      "fontWeight": "bold",
                    }
                  }
                >
                  Refresh Connection
                </Text>
              </View>
            </RCTSafeAreaView>
            <View
              accessibilityState={
                {
                  "busy": undefined,
                  "checked": undefined,
                  "disabled": undefined,
                  "expanded": undefined,
                  "selected": undefined,
                }
              }
              accessibilityValue={
                {
                  "max": undefined,
                  "min": undefined,
                  "now": undefined,
                  "text": undefined,
                }
              }
              accessible={true}
              collapsable={false}
              focusable={true}
              onBlur={[Function]}
              onClick={[Function]}
              onFocus={[Function]}
              onResponderGrant={[Function]}
              onResponderMove={[Function]}
              onResponderRelease={[Function]}
              onResponderTerminate={[Function]}
              onResponderTerminationRequest={[Function]}
              onStartShouldSetResponder={[Function]}
              style={
                [
                  {
                    "alignItems": "center",
                    "borderRadius": 10,
                    "justifyContent": "center",
                    "marginVertical": 8,
                    "padding": 15,
                    "width": "100%",
                  },
                  {
                    "backgroundColor": "rgb(7,254,213)",
                  },
                ]
              }
            >
              <Text
                style={
                  {
                    "color": "black",
                    "fontSize": 20,
                    "fontWeight": "bold",
                  }
                }
              >
                Login
              </Text>
            </View>
          </View>
        </View>
      </View>
    </RCTScrollView>
  </View>
</RCTSafeAreaView>
`;
